---
source: crates/snapshots/tests/cli_snapshots/safety.rs
expression: document
---
case: safety_post_edit_less

--- step: compiler throws after edit ---
status: 1
stdout: ""
stderr: "tw-migrate: post-edit render failed\n"
workspace delta:
  unchanged

--- step: compiler returns malformed CSS after edit ---
status: 1
stdout: ""
stderr: "tw-migrate: Edited stylesheet no longer parses: Error { kind: Unexpected(\"<eof>\", \"}\"), span: Span { start: 0, end: 1 } }\n"
workspace delta:
  unchanged
