---
source: crates/snapshots/tests/cli_snapshots/styles.rs
expression: document
---
case: style_global_expression_rerun

--- step: migrate ---
status: 0
stdout: "--- a/Card.tsx\n+++ b/Card.tsx\n@@ -1,2 +1,2 @@\n-export const Card = () => <div className={'card'} />;\n \n+export const Card = () => <div className=\"card p-[13px]\" />;\n \nApplied 1 file(s); 0 rule(s) converted, 1 retained.\n"
stderr: "warning[retained-global-rule] legacy.css:0-24 Global CSS is never deleted automatically.\n"
workspace delta:
  modified Card.tsx
    before: "export const Card = () => <div className={'card'} />;\n"
    after: "export const Card = () => <div className=\"card p-[13px]\" />;\n"

--- step: second run ---
status: 0
stdout: "Applied 0 file(s); 0 rule(s) converted, 1 retained.\n"
stderr: "warning[retained-global-rule] legacy.css:0-24 Global CSS is never deleted automatically.\n"
workspace delta:
  unchanged
