---
source: crates/snapshots/tests/cli_snapshots.rs
expression: document
---
case: cli_help

--- step: help ---
status: 0
stdout: "Usage: tw-migrate [style-file] [options]\n\nArguments:\n  [style-file]               Migrate one stylesheet instead of the current package.\n                             Cannot be used with --workspaces.\n\nOptions:\n  --tailwind-css <entry.css> Use this Tailwind CSS entry when the current package\n                             has multiple entries. Cannot be used with --workspaces.\n  --workspaces               Migrate every package in the workspace.\n  --force                    Skip packages with recoverable discovery or input errors.\n  --dry-run                  Preview changes without applying them.\n  -h, --help                 Show this help message.\n  -v, --version              Show the version number.\n\nExamples:\n  tw-migrate\n  tw-migrate --dry-run\n  tw-migrate path/to/Button.module.scss\n  tw-migrate --workspaces\n"
stderr: ""
workspace delta:
  unchanged

--- step: short_help ---
status: 0
stdout: "Usage: tw-migrate [style-file] [options]\n\nArguments:\n  [style-file]               Migrate one stylesheet instead of the current package.\n                             Cannot be used with --workspaces.\n\nOptions:\n  --tailwind-css <entry.css> Use this Tailwind CSS entry when the current package\n                             has multiple entries. Cannot be used with --workspaces.\n  --workspaces               Migrate every package in the workspace.\n  --force                    Skip packages with recoverable discovery or input errors.\n  --dry-run                  Preview changes without applying them.\n  -h, --help                 Show this help message.\n  -v, --version              Show the version number.\n\nExamples:\n  tw-migrate\n  tw-migrate --dry-run\n  tw-migrate path/to/Button.module.scss\n  tw-migrate --workspaces\n"
stderr: ""
workspace delta:
  unchanged

--- step: version ---
status: 0
stdout: "tw-migrate 0.2.0\n"
stderr: ""
workspace delta:
  unchanged

--- step: short_version ---
status: 0
stdout: "tw-migrate 0.2.0\n"
stderr: ""
workspace delta:
  unchanged
