---
source: crates/snapshots/tests/cli_snapshots/styles.rs
expression: document
---
case: style_malformed_source

--- step: write ---
status: 1
stdout: ""
stderr: "tw-migrate: TW_MIGRATE_RECOVERABLE_INPUT:Failed to parse [WORKSPACE]/Button.tsx: Diagnostics([OxcDiagnostic { inner: OxcDiagnosticInner { message: \"Unexpected token\", labels: One([LabeledSpan { label: None, span: SourceSpan { offset: SourceOffset(24), length: 2 }, primary: false }]), help: None, note: None, severity: Error, code: OxcCode { scope: None, number: None }, url: None } }])\n"
workspace delta:
  unchanged
